// Jest Snapshot v1, https://goo.gl/fbAQLP

exports[`Header matches snapshot 1`] = `
<div
  className="header-container"
>
  <h1>
    blend
  </h1>
  <div
    className="header-btn-container"
  >
    <button
      onClick={[Function]}
      title="click to go home"
    >
      <NavLink
        activeClassName="active"
        ariaCurrent="true"
        to="/"
      >
        home
      </NavLink>
    </button>
    <button>
      <NavLink
        activeClassName="active"
        ariaCurrent="true"
        to="/selected"
      >
        ingredients: 
        3
      </NavLink>
    </button>
    <button
      onClick={[Function]}
    >
      clear pairings
    </button>
    <button
      onClick={[Function]}
    >
      clear selections
    </button>
  </div>
</div>
`;
